seq1	0	0	2	1	1
seq2	0	0	2	1	1
seq3	2	2	0	2	2
seq4	1	1	2	0	0
seq5	1	1	2	0	0
