Error: incorrect FASTA format, variable sequence lengths! seq3