seq1	0	1	2	3
seq2	1	0	3	4
seq3	2	3	0	4
seq4	3	4	4	0
