seq1	seq2	1
seq1	seq3	2
seq1	seq4	3
seq2	seq3	3
seq2	seq4	4
seq3	seq4	4
